[2026-06-23 11:40:00] [sys] Bug Hunting Machine started
[2026-06-23 11:40:00] [INFO] ============================================================
BUG HUNTING MACHINE
============================================================
[2026-06-23 11:40:01] [INFO] Listeners attached
[2026-06-23 11:40:01] [INFO] === FUZZ LOGIN ===
[2026-06-23 11:40:06] [PASS] SQLI_XSS [sqli_basic]: rejected with error
[2026-06-23 11:40:07] [PASS] SQLI_XSS [sqli_comment]: rejected with error
[2026-06-23 11:40:08] [PASS] SQLI_XSS [sqli_union]: rejected with error
[2026-06-23 11:40:08] [PASS] SQLI_XSS [sqli_admin]: rejected with error
[2026-06-23 11:40:09] [PASS] SQLI_XSS [xss_script]: rejected with error
[2026-06-23 11:40:10] [PASS] SQLI_XSS [xss_img]: rejected with error
[2026-06-23 11:40:10] [PASS] SQLI_XSS [xss_body]: rejected with error
[2026-06-23 11:40:11] [PASS] SQLI_XSS [sqli_like]: rejected with error
[2026-06-23 11:40:12] [PASS] SQLI_XSS [xss_svg]: rejected with error
[2026-06-23 11:40:12] [INFO] === FUZZ LOGIN END ===
[2026-06-23 11:40:12] [INFO] === FUZZ SIGNUP ===
[2026-06-23 11:40:13] [PASS] SIGNUP [inv_email_1]: rejected (hint:غير صحيحة)
[2026-06-23 11:40:13] [PASS] SIGNUP [inv_email_2]: rejected (hint:غير صحيحة)
[2026-06-23 11:40:14] [PASS] SIGNUP [inv_email_3]: rejected (hint:غير صحيحة)
[2026-06-23 11:40:15] [PASS] SIGNUP [mismatch_pass]: rejected (hint:غير متطابقة)
[2026-06-23 11:40:16] [PASS] SIGNUP [no_accept]: rejected (hint:)
[2026-06-23 11:40:16] [PASS] SIGNUP [empty_email]: rejected (hint:الرجاء)
[2026-06-23 11:40:17] [PASS] SIGNUP [empty_pass]: rejected (hint:الرجاء)
[2026-06-23 11:40:18] [PASS] SIGNUP [short_pass]: rejected (hint:)
[2026-06-23 11:40:19] [WARN] SIGNUP [xss_name]: XSS in username accepted
[2026-06-23 11:40:20] [WARN] SIGNUP [sqli_name]: SQLi in username accepted
[2026-06-23 11:40:20] [PASS] DB BUG not triggered - signup might work now
[2026-06-23 11:40:20] [INFO] === FUZZ SIGNUP END ===
[2026-06-23 11:40:20] [INFO] === ADMIN LOGIN ===
[2026-06-23 11:40:21] [INFO] Admin try 'admin123': fail
[2026-06-23 11:40:22] [INFO] Admin try 'Admin@123': fail
[2026-06-23 11:40:22] [INFO] Admin try 'password': fail
[2026-06-23 11:40:24] [INFO] Admin try 'admin': fail
[2026-06-23 11:40:24] [INFO] Admin try 'P@ssw0rd': fail
[2026-06-23 11:40:25] [INFO] Admin try 'Test@123': fail
[2026-06-23 11:40:26] [INFO] Admin try '12345678': fail
[2026-06-23 11:40:27] [BUG] HTTP 404: http://localhost:8080/images/category-1.jpg
[2026-06-23 11:40:27] [BUG] Console error: Failed to load resource: the server responded with a status of 404 (Not Found)
[2026-06-23 11:40:27] [BUG] HTTP 404: http://localhost:8080/images/category-2.jpg
[2026-06-23 11:40:27] [BUG] Console error: Failed to load resource: the server responded with a status of 404 (Not Found)
[2026-06-23 11:40:27] [BUG] HTTP 404: http://localhost:8080/images/category-3.jpg
[2026-06-23 11:40:27] [BUG] Console error: Failed to load resource: the server responded with a status of 404 (Not Found)
[2026-06-23 11:40:42] [ERROR] Admin try 'Admin123!': Page.goto: Timeout 15000ms exceeded.
Call log:
  - navigating to "http://localhost:8080/admin", waiting until "networkidle"

[2026-06-23 11:40:42] [WARN] No admin password from wordlist worked.
[2026-06-23 11:40:42] [INFO] === SIGNUP USER ===
[2026-06-23 11:40:43] [PASS] User registered: hunter_1782204000@test.com/TestPass@123
[2026-06-23 11:40:43] [INFO] User registered. Admin role required for dashboard.
[2026-06-23 11:40:43] [INFO] Skipping product creation - no admin session available
[2026-06-23 11:40:43] [INFO] E2E happy path incomplete: admin password unknown + signup broken by DB bug
[2026-06-23 11:40:45] [INFO] Shutdown. Bugs: 5
[2026-06-23 11:40:45] [INFO] ============================================================
MACHINE SHUTDOWN
============================================================
